###############################################################################
#                                                                             #
# IAR ELF Linker V6.21.2.52939/W32 for ARM              08/Oct/2012  01:42:22 #
# Copyright 2007-2011 IAR Systems AB.                                         #
#                                                                             #
#    Output file  =  D:\Projects\google_host\drift-sensor\Release\Exe\c.out.t #
#                    mp                                                       #
#    Map file     =  D:\Projects\google_host\drift-sensor\Release\List\c.map  #
#    Command line =  D:\Projects\google_host\drift-sensor\Release\Obj\average #
#                    .o D:\Projects\google_host\drift-sensor\Release\Obj\bin_ #
#                    to_bcd.o D:\Projects\google_host\drift-sensor\Release\Ob #
#                    j\calibrating.o D:\Projects\google_host\drift-sensor\Rel #
#                    ease\Obj\compass.o D:\Projects\google_host\drift-sensor\ #
#                    Release\Obj\core.o D:\Projects\google_host\drift-sensor\ #
#                    Release\Obj\cstartup.o D:\Projects\google_host\drift-sen #
#                    sor\Release\Obj\drift.o D:\Projects\google_host\drift-se #
#                    nsor\Release\Obj\float_to_txt.o                          #
#                    D:\Projects\google_host\drift-sensor\Release\Obj\handler #
#                    s.o D:\Projects\google_host\drift-sensor\Release\Obj\i2c #
#                    0.o D:\Projects\google_host\drift-sensor\Release\Obj\i2c #
#                    1.o D:\Projects\google_host\drift-sensor\Release\Obj\i2c #
#                    2.o D:\Projects\google_host\drift-sensor\Release\Obj\led #
#                    .o D:\Projects\google_host\drift-sensor\Release\Obj\lis3 #
#                    dh.o D:\Projects\google_host\drift-sensor\Release\Obj\ma #
#                    in.o D:\Projects\google_host\drift-sensor\Release\Obj\ma #
#                    trix.o D:\Projects\google_host\drift-sensor\Release\Obj\ #
#                    microrl.o D:\Projects\google_host\drift-sensor\Release\O #
#                    bj\ring_buffer.o D:\Projects\google_host\drift-sensor\Re #
#                    lease\Obj\tasks.o D:\Projects\google_host\drift-sensor\R #
#                    elease\Obj\uart0.o D:\Projects\google_host\drift-sensor\ #
#                    Release\Obj\uart2.o D:\Projects\google_host\drift-sensor #
#                    \Release\Obj\v_printf.o -o D:\Projects\google_host\drift #
#                    -sensor\Release\Exe\c.out.tmp --map                      #
#                    D:\Projects\google_host\drift-sensor\Release\List\c.map  #
#                    --config D:\Projects\google_host\drift-sensor\Config\LPC #
#                    2364_Flash.icf --entry __iar_program_start --inline      #
#                    --vfe                                                    #
#                                                                             #
#                                                                             #
###############################################################################

*******************************************************************************
*** RUNTIME MODEL ATTRIBUTES
***

CppFlavor       = *
__SystemLibrary = DLib


*******************************************************************************
*** RESERVED RANGES
***

Ranges reserved by absolute symbols:
   [0x3fffc000-0x3fffc003]
   [0x3fffc01c-0x3fffc01f]
   [0x3fffc020-0x3fffc023]
   [0x3fffc034-0x3fffc037]
   [0x3fffc038-0x3fffc03b]
   [0x3fffc03c-0x3fffc03f]
   [0x3fffc040-0x3fffc043]
   [0x3fffc05c-0x3fffc05f]
   [0x3fffc060-0x3fffc063]
   [0x3fffc078-0x3fffc07b]
   [0x3fffc07c-0x3fffc07f]
   [0x3fffc080-0x3fffc083]
   [0x3fffc09c-0x3fffc09f]
   [0xe0000000-0xe0000003]
   [0xe0000004-0xe0000007]
   [0xe0000008-0xe000000b]
   [0xe0000010-0xe0000013]
   [0xe0004000-0xe0004003]
   [0xe0004004-0xe0004007]
   [0xe000400c-0xe000400f]
   [0xe0004010-0xe0004013]
   [0xe0004014-0xe0004017]
   [0xe0004018-0xe000401b]
   [0xe0004070-0xe0004073]
   [0xe000c000-0xe000c000]
   [0xe000c004-0xe000c007]
   [0xe000c008-0xe000c00b]
   [0xe000c00c-0xe000c00f]
   [0xe000c014-0xe000c017]
   [0xe000c01c-0xe000c01c]
   [0xe000c028-0xe000c02b]
   [0xe001c000-0xe001c003]
   [0xe001c004-0xe001c007]
   [0xe001c008-0xe001c00b]
   [0xe001c010-0xe001c013]
   [0xe001c014-0xe001c017]
   [0xe001c018-0xe001c01b]
   [0xe0028004-0xe0028007]
   [0xe0028008-0xe002800b]
   [0xe0028014-0xe0028017]
   [0xe0028018-0xe002801b]
   [0xe002c000-0xe002c003]
   [0xe002c004-0xe002c007]
   [0xe002c008-0xe002c00b]
   [0xe002c00c-0xe002c00f]
   [0xe002c010-0xe002c013]
   [0xe002c014-0xe002c017]
   [0xe002c018-0xe002c01b]
   [0xe002c01c-0xe002c01f]
   [0xe002c020-0xe002c023]
   [0xe002c024-0xe002c027]
   [0xe002c028-0xe002c02b]
   [0xe002c040-0xe002c043]
   [0xe002c044-0xe002c047]
   [0xe002c04c-0xe002c04f]
   [0xe002c050-0xe002c053]
   [0xe002c05c-0xe002c05f]
   [0xe01fc000-0xe01fc003]
   [0xe01fc004-0xe01fc007]
   [0xe01fc080-0xe01fc083]
   [0xe01fc084-0xe01fc087]
   [0xe01fc088-0xe01fc08b]
   [0xe01fc08c-0xe01fc08f]
   [0xe01fc0c4-0xe01fc0c7]
   [0xe01fc104-0xe01fc107]
   [0xe01fc108-0xe01fc10b]
   [0xe01fc10c-0xe01fc10f]
   [0xe01fc1a0-0xe01fc1a3]
   [0xe01fc1a8-0xe01fc1ab]
   [0xe01fc1ac-0xe01fc1af]
   [0xfffff000-0xfffff003]
   [0xfffff00c-0xfffff00f]
   [0xfffff010-0xfffff013]
   [0xfffff014-0xfffff017]
   [0xfffff020-0xfffff023]
   [0xfffff110-0xfffff113]
   [0xfffff118-0xfffff11b]
   [0xfffff124-0xfffff127]
   [0xfffff210-0xfffff213]
   [0xfffff218-0xfffff21b]
   [0xfffff224-0xfffff227]
   [0xffffff00-0xffffff03]


*******************************************************************************
*** PLACEMENT SUMMARY
***

"A1":  place at 0x00000000 { ro section .intvec };
"A2":  place at 0x00008000 { ro section .CSTARTUP };
"P1":  place in [from 0x00008000 to 0x0001ffff] { ro };
"P2":  place in [from 0x40000044 to 0x40001fff] {
          rw, block CSTACK, block SVC_STACK, block IRQ_STACK, block FIQ_STACK,
          block UND_STACK, block ABT_STACK, block HEAP };

  Section            Kind        Address    Size  Object
  -------            ----        -------    ----  ------
"A1":                                       0x40
  .intvec            ro code  0x00000000    0x40  cstartup.o [1]
                            - 0x00000040    0x40

"A2":                                       0x5c
  .CSTARTUP          ro code  0x00008000    0x5c  cstartup.o [1]
                            - 0x0000805c    0x5c

"P1":                                     0x5364
  Veneer             ro code  0x0000805c    0x10  - Linker created -
  .text              ro code  0x0000806c   0xa30  handlers.o [1]
  Veneer             ro code  0x00008a9c    0x10  - Linker created -
  Veneer             ro code  0x00008aac    0x10  - Linker created -
  .text              ro code  0x00008abc   0x9e8  microrl.o [1]
  .text              ro code  0x000094a4     0x2  tasks.o [1]
  Veneer             ro code  0x000094a8     0x4  - Linker created -
  .text              ro code  0x000094ac    0x74  strcmp.o [5]
  .text              ro code  0x00009520   0x1f0  compass.o [1]
  .text              ro code  0x00009710     0x2  tasks.o [1]
  .text              ro code  0x00009714   0x28a  core.o [1]
  Veneer             ro code  0x000099a0    0x10  - Linker created -
  Veneer             ro code  0x000099b0    0x10  - Linker created -
  .text              ro code  0x000099c0   0x2cc  v_printf.o [1]
  .text              ro code  0x00009c8c     0x2  tasks.o [1]
  .text              ro code  0x00009c8e     0x2  handlers.o [1]
  Veneer             ro code  0x00009c90    0x10  - Linker created -
  .text              ro code  0x00009ca0   0x8d8  drift.o [1]
  .text              ro code  0x0000a578     0x2  handlers.o [1]
  .text              ro code  0x0000a57c    0x7c  bin_to_bcd.o [1]
  .text              ro code  0x0000a5f8     0x2  handlers.o [1]
  .text              ro code  0x0000a5fa   0x1aa  average.o [1]
  .text              ro code  0x0000a7a4     0xa  handlers.o [1]
  .text              ro code  0x0000a7ae    0x10  microrl.o [1]
  Veneer             ro code  0x0000a7c0     0x4  - Linker created -
  .text              ro code  0x0000a7c4   0x1d4  I32DivMod.o [5]
  Veneer             ro code  0x0000a998     0x4  - Linker created -
  .text              ro code  0x0000a99c     0x8  ABImemclr4.o [5]
  Veneer             ro code  0x0000a9a4     0x4  - Linker created -
  .text              ro code  0x0000a9a8    0xd4  ABImemcpy.o [5]
  .text              ro code  0x0000aa7c    0x20  strcat.o [3]
  Veneer             ro code  0x0000aa9c     0x4  - Linker created -
  .text              ro code  0x0000aaa0    0x54  strlen.o [5]
  .text              ro code  0x0000aaf4    0x18  microrl.o [1]
  .text              ro code  0x0000ab0c    0x10  microrl.o [1]
  .text              ro code  0x0000ab1c     0x2  microrl.o [1]
  .text              ro code  0x0000ab20    0x70  led.o [1]
  .text              ro code  0x0000ab90   0x1ac  lis3dh.o [1]
  .text              ro code  0x0000ad3c    0xc0  ring_buffer.o [1]
  Veneer             ro code  0x0000adfc     0xc  - Linker created -
  .text              ro code  0x0000ae08   0x174  uart0.o [1]
  .text              ro code  0x0000af7c   0x7b8  calibrating.o [1]
  .text              ro code  0x0000b734   0x49c  matrix.o [1]
  Veneer             ro code  0x0000bbd0     0x4  - Linker created -
  .text              ro code  0x0000bbd4    0x58  FltToS32.o [4]
  .text              ro code  0x0000bc2c    0x32  strstr.o [3]
  .text              ro code  0x0000bc60     0x4  IntDivZer.o [5]
  .text              ro code  0x0000bc64    0x48  ABImemset48.o [5]
  Veneer             ro code  0x0000bcac     0x4  - Linker created -
  .text              ro code  0x0000bcb0    0x7c  ABImemset.o [5]
  Veneer             ro code  0x0000bd2c     0x4  - Linker created -
  .text              ro code  0x0000bd30    0xd4  ABImemmove.o [5]
  .text              ro code  0x0000be04   0x254  i2c0.o [1]
  .text              ro code  0x0000c058    0x54  float_to_txt.o [1]
  Veneer             ro code  0x0000c0ac     0x4  - Linker created -
  .text              ro code  0x0000c0b0    0x64  S32ToFlt.o [4]
  Veneer             ro code  0x0000c114     0x4  - Linker created -
  .text              ro code  0x0000c118    0x64  FltToDbl.o [4]
  Veneer             ro code  0x0000c17c     0x4  - Linker created -
  .text              ro code  0x0000c180   0x16c  sqrt.o [4]
  Veneer             ro code  0x0000c2ec     0x4  - Linker created -
  .text              ro code  0x0000c2f0    0xac  DblToFlt.o [4]
  Veneer             ro code  0x0000c39c     0x4  - Linker created -
  .text              ro code  0x0000c3a0    0x2c  FltCmpLe.o [4]
  Veneer             ro code  0x0000c3cc     0x4  - Linker created -
  .text              ro code  0x0000c3d0   0x1c8  FltDiv.o [4]
  Veneer             ro code  0x0000c598     0x4  - Linker created -
  .text              ro code  0x0000c59c   0x14c  FltMul.o [4]
  Veneer             ro code  0x0000c6e8     0x4  - Linker created -
  .text              ro code  0x0000c6ec   0x12c  FltSub.o [4]
  Veneer             ro code  0x0000c818     0x4  - Linker created -
  .text              ro code  0x0000c81c    0xa4  FltAdd.o [4]
  Veneer             ro code  0x0000c8c0     0x4  - Linker created -
  .text              ro code  0x0000c8c4    0x20  strchr.o [5]
  Veneer             ro code  0x0000c8e4     0x4  - Linker created -
  .text              ro code  0x0000c8e8    0x2c  FltCmpGe.o [4]
  Veneer             ro code  0x0000c914     0x4  - Linker created -
  .text              ro code  0x0000c918    0x34  FltToU32.o [4]
  Veneer             ro code  0x0000c94c     0x4  - Linker created -
  .text              ro code  0x0000c950    0x10  U32ToFlt.o [4]
  Veneer             ro code  0x0000c960     0xc  - Linker created -
  .text              ro code  0x0000c96c    0x18  iarEdom.o [5]
  .text              ro code  0x0000c984    0x10  errno.o [3]
  .text              ro code  0x0000c994   0x4d0  tasks.o [1]
  .rodata            const    0x0000ce64   0x15c  handlers.o [1]
  .rodata            const    0x0000cfc0    0xc8  calibrating.o [1]
  .text              ro code  0x0000d088    0xb4  packbits_init3.o [5]
  Veneer             ro code  0x0000d13c    0x10  - Linker created -
  .text              ro code  0x0000d14c    0xac  main.o [1]
  Veneer             ro code  0x0000d1f8     0x4  - Linker created -
  .text              ro code  0x0000d1fc    0x10  main.o [1]
  Veneer             ro code  0x0000d20c     0x4  - Linker created -
  .text              ro code  0x0000d210    0x10  main.o [1]
  .text              ro code  0x0000d220    0x54  data_init3.o [5]
  .text              ro code  0x0000d274    0x28  zero_init3.o [5]
  Veneer             ro code  0x0000d29c     0xc  - Linker created -
  Veneer             ro code  0x0000d2a8     0xc  - Linker created -
  .text              ro code  0x0000d2b4    0x24  cmain.o [5]
  .text              ro code  0x0000d2d8     0x8  exit.o [3]
  .text              ro code  0x0000d2e0    0x14  XXexit.o [5]
  Veneer             ro code  0x0000d2f4     0x4  - Linker created -
  .text              ro code  0x0000d2f8    0x10  cexit.o [5]
  .iar.init_table    const    0x0000d308    0x2c  - Linker created -
  .rodata            const    0x0000d334    0x14  microrl.o [1]
  .rodata            const    0x0000d348     0x4  ring_buffer.o [1]
  .rodata            const    0x0000d34c     0x0  bwt_init3c.o [5]
  Initializer bytes  ro data  0x0000d34c    0x74  <for P2 s0>
                            - 0x0000d3c0  0x5364

"P2", part 1 of 3:                         0x3a4
  P2 s0                       0x40000044   0x3a4  <Init block>
    .data            inited   0x40000044   0x2a8  calibrating.o [1]
    .data            inited   0x400002ec    0xf0  handlers.o [1]
    .data            inited   0x400003dc     0x4  microrl.o [1]
    .data            inited   0x400003e0     0x4  microrl.o [1]
    .data            inited   0x400003e4     0x4  v_printf.o [1]
                            - 0x400003e8   0x3a4

"P2", part 2 of 3:                         0x740
  .bss               zero     0x400003e8   0x410  drift.o [1]
  .bss               zero     0x400007f8   0x1c4  microrl.o [1]
  .bss               zero     0x400009bc    0x68  ring_buffer.o [1]
  .bss               zero     0x40000a24    0x4c  drift.o [1]
  .bss               zero     0x40000a70    0x38  lis3dh.o [1]
  .bss               zero     0x40000aa8    0x2c  tasks.o [1]
  .bss               zero     0x40000ad4    0x1a  drift.o [1]
  .bss               zero     0x40000af0     0xc  lis3dh.o [1]
  .bss               zero     0x40000afc     0xc  v_printf.o [1]
  .bss               zero     0x40000b08     0x4  compass.o [1]
  .bss               zero     0x40000b0c     0x4  core.o [1]
  .bss               zero     0x40000b10     0x4  i2c0.o [1]
  .bss               zero     0x40000b14     0x4  microrl.o [1]
  .bss               zero     0x40000b18     0x4  microrl.o [1]
  .bss               zero     0x40000b1c     0x4  v_printf.o [1]
  __DLIB_PERTHREAD   zero     0x40000b20     0x4  errno.o [3]
                            - 0x40000b24   0x73c

"P2", part 3 of 3:                         0x740
  CSTACK                      0x40000b28   0x500  <Block>
    CSTACK           uninit   0x40000b28   0x500  <Block tail>
  IRQ_STACK                   0x40001028   0x200  <Block>
    IRQ_STACK        uninit   0x40001028   0x200  <Block tail>
  FIQ_STACK                   0x40001228    0x40  <Block>
    FIQ_STACK        uninit   0x40001228    0x40  <Block tail>
                            - 0x40001268   0x740


*******************************************************************************
*** INIT TABLE
***

          Address     Size
          -------     ----
Zero (__iar_zero_init3)
    1 destination range, total size 0x73c:
          0x400003e8  0x73c

Copy/packbits (__iar_packbits_init3)
    1 source range, total size 0x74 (12% of destination):
          0x0000d34c   0x74
    1 destination range, total size 0x3a4:
          0x40000044  0x3a4


*******************************************************************************
*** MODULE SUMMARY
***

    Module            ro code  ro data  rw data
    ------            -------  -------  -------
D:\Projects\google_host\drift-sensor\Release\Obj: [1]
    average.o             426
    bin_to_bcd.o          124
    calibrating.o       1 976      284      680
    compass.o             496                 4
    core.o                650                 4
    cstartup.o            156
    drift.o             2 264             1 142
    float_to_txt.o         84
    handlers.o          2 624      378      240
    i2c0.o                596                 4
    led.o                 112
    lis3dh.o              428                68
    main.o                204
    matrix.o            1 180
    microrl.o           2 594       21      468
    ring_buffer.o         192        4      104
    tasks.o             1 238                44
    uart0.o               372
    v_printf.o            716        1       20
    -------------------------------------------
    Total:             16 432      688    2 778

command line: [2]
    -------------------------------------------
    Total:

dl4t_tln.a: [3]
    errno.o                16                 4
    exit.o                  8
    strcat.o               32
    strstr.o               50
    -------------------------------------------
    Total:                106                 4

m4t_tl.a: [4]
    DblToFlt.o            172
    FltAdd.o              164
    FltCmpGe.o             44
    FltCmpLe.o             44
    FltDiv.o              456
    FltMul.o              332
    FltSub.o              300
    FltToDbl.o            100
    FltToS32.o             88
    FltToU32.o             52
    S32ToFlt.o            100
    U32ToFlt.o             16
    sqrt.o                364
    -------------------------------------------
    Total:              2 232

rt4t_al.a: [5]
    ABImemclr4.o            8
    ABImemcpy.o           212
    ABImemmove.o          212
    ABImemset.o           124
    ABImemset48.o          72
    I32DivMod.o           468
    IntDivZer.o             4
    XXexit.o               20
    bwt_init3c.o
    cexit.o                16
    cmain.o                36
    data_init3.o           84
    iarEdom.o              24
    packbits_init3.o      180
    strchr.o               32
    strcmp.o              116
    strlen.o               84
    zero_init3.o           40
    -------------------------------------------
    Total:              1 732

    Gaps                   14                 2
    Linker created        256       44    1 856
-----------------------------------------------
    Grand Total:       20 772      732    4 640


*******************************************************************************
*** ENTRY LIST
***

Entry                      Address   Size  Type      Object
-----                      -------   ----  ----      ------
?main                   0x0000d2b4         Code  Gb  cmain.o [5]
CSTACK$$Base            0x40000b28          --   Gb  - Linker created -
CSTACK$$Limit           0x40001028          --   Gb  - Linker created -
FIQ_STACK$$Base         0x40001228          --   Gb  - Linker created -
FIQ_STACK$$Limit        0x40001268          --   Gb  - Linker created -
IRQ_STACK$$Base         0x40001028          --   Gb  - Linker created -
IRQ_STACK$$Limit        0x40001228          --   Gb  - Linker created -
Region$$Table$$Base     0x0000d308          --   Gb  - Linker created -
Region$$Table$$Limit    0x0000d334          --   Gb  - Linker created -
SB                      0x0000d34c         Data  Gb  bwt_init3c.o [5]
T0MR0 {Abs}             0xe0004018    0x4  Data  Wk  core.o [1]
T0PC {Abs}              0xe0004010    0x4  Data  Wk  core.o [1]
T0PR {Abs}              0xe000400c    0x4  Data  Wk  core.o [1]
U0RBRTHR {Abs}          0xe000c000    0x1  Data  Wk  v_printf.o [1]
U0SCR {Abs}             0xe000c01c    0x1  Data  Wk  uart0.o [1]
VICADDRESS {Abs}        0xffffff00    0x4  Data  Wk  uart2.o [1]
VICVECTADDR4 {Abs}      0xfffff110    0x4  Data  Wk  compass.o [1]
VICVECTADDR6 {Abs}      0xfffff118    0x4  Data  Wk  compass.o [1]
VICVECTADDR9 {Abs}      0xfffff124    0x4  Data  Wk  compass.o [1]
WDTC {Abs}              0xe0000004    0x4  Data  Wk  core.o [1]
_A_CCLKCFG {Abs}        0xe01fc104    0x4  Data  Wk  core.o [1]
_A_CLKSRCSEL {Abs}      0xe01fc10c    0x4  Data  Wk  core.o [1]
_A_FIO0CLR {Abs}        0x3fffc01c    0x4  Data  Wk  core.o [1]
_A_FIO0DIR {Abs}        0x3fffc000    0x4  Data  Wk  uart0.o [1]
_A_FIO1CLR {Abs}        0x3fffc03c    0x4  Data  Wk  led.o [1]
_A_FIO1DIR {Abs}        0x3fffc020    0x4  Data  Wk  led.o [1]
_A_FIO1PIN {Abs}        0x3fffc034    0x4  Data  Wk  led.o [1]
_A_FIO1SET {Abs}        0x3fffc038    0x4  Data  Wk  led.o [1]
_A_FIO2CLR {Abs}        0x3fffc05c    0x4  Data  Wk  core.o [1]
_A_FIO2DIR {Abs}        0x3fffc040    0x4  Data  Wk  uart2.o [1]
_A_FIO3CLR {Abs}        0x3fffc07c    0x4  Data  Wk  lis3dh.o [1]
_A_FIO3DIR {Abs}        0x3fffc060    0x4  Data  Wk  lis3dh.o [1]
_A_FIO3SET {Abs}        0x3fffc078    0x4  Data  Wk  lis3dh.o [1]
_A_FIO4CLR {Abs}        0x3fffc09c    0x4  Data  Wk  core.o [1]
_A_FIO4DIR {Abs}        0x3fffc080    0x4  Data  Wk  core.o [1]
_A_I2C0CONCLR {Abs}     0xe001c018    0x4  Data  Wk  i2c0.o [1]
_A_I2C0CONSET {Abs}     0xe001c000    0x4  Data  Wk  i2c0.o [1]
_A_I2C0DAT {Abs}        0xe001c008    0x4  Data  Wk  i2c0.o [1]
_A_I2C0SCLH {Abs}       0xe001c010    0x4  Data  Wk  i2c0.o [1]
_A_I2C0SCLL {Abs}       0xe001c014    0x4  Data  Wk  i2c0.o [1]
_A_I2C0STAT {Abs}       0xe001c004    0x4  Data  Wk  i2c0.o [1]
_A_IO0DIR {Abs}         0xe0028008    0x4  Data  Wk  core.o [1]
_A_IO0SET {Abs}         0xe0028004    0x4  Data  Wk  core.o [1]
_A_IO1DIR {Abs}         0xe0028018    0x4  Data  Wk  core.o [1]
_A_IO1SET {Abs}         0xe0028014    0x4  Data  Wk  core.o [1]
_A_MAMCR {Abs}          0xe01fc000    0x4  Data  Wk  core.o [1]
_A_MAMTIM {Abs}         0xe01fc004    0x4  Data  Wk  core.o [1]
_A_PCLKSEL0 {Abs}       0xe01fc1a8    0x4  Data  Wk  core.o [1]
_A_PCLKSEL1 {Abs}       0xe01fc1ac    0x4  Data  Wk  core.o [1]
_A_PCONP {Abs}          0xe01fc0c4    0x4  Data  Wk  uart2.o [1]
_A_PINMODE0 {Abs}       0xe002c040    0x4  Data  Wk  uart0.o [1]
_A_PINMODE1 {Abs}       0xe002c044    0x4  Data  Wk  i2c1.o [1]
_A_PINMODE3 {Abs}       0xe002c04c    0x4  Data  Wk  led.o [1]
_A_PINMODE4 {Abs}       0xe002c050    0x4  Data  Wk  uart2.o [1]
_A_PINMODE7 {Abs}       0xe002c05c    0x4  Data  Wk  lis3dh.o [1]
_A_PINSEL0 {Abs}        0xe002c000    0x4  Data  Wk  uart0.o [1]
_A_PINSEL1 {Abs}        0xe002c004    0x4  Data  Wk  i2c1.o [1]
_A_PINSEL10 {Abs}       0xe002c028    0x4  Data  Wk  core.o [1]
_A_PINSEL2 {Abs}        0xe002c008    0x4  Data  Wk  core.o [1]
_A_PINSEL3 {Abs}        0xe002c00c    0x4  Data  Wk  led.o [1]
_A_PINSEL4 {Abs}        0xe002c010    0x4  Data  Wk  uart2.o [1]
_A_PINSEL5 {Abs}        0xe002c014    0x4  Data  Wk  core.o [1]
_A_PINSEL6 {Abs}        0xe002c018    0x4  Data  Wk  core.o [1]
_A_PINSEL7 {Abs}        0xe002c01c    0x4  Data  Wk  lis3dh.o [1]
_A_PINSEL8 {Abs}        0xe002c020    0x4  Data  Wk  core.o [1]
_A_PINSEL9 {Abs}        0xe002c024    0x4  Data  Wk  core.o [1]
_A_PLLCFG {Abs}         0xe01fc084    0x4  Data  Wk  core.o [1]
_A_PLLCON {Abs}         0xe01fc080    0x4  Data  Wk  core.o [1]
_A_PLLFEED {Abs}        0xe01fc08c    0x4  Data  Wk  core.o [1]
_A_PLLSTAT {Abs}        0xe01fc088    0x4  Data  Wk  core.o [1]
_A_SCS {Abs}            0xe01fc1a0    0x4  Data  Wk  core.o [1]
_A_T0CTCR {Abs}         0xe0004070    0x4  Data  Wk  core.o [1]
_A_T0IR {Abs}           0xe0004000    0x4  Data  Wk  compass.o [1]
_A_T0MCR {Abs}          0xe0004014    0x4  Data  Wk  core.o [1]
_A_T0TCR {Abs}          0xe0004004    0x4  Data  Wk  core.o [1]
_A_U0FCR {Abs}          0xe000c008    0x4  Data  Wk  uart0.o [1]
_A_U0FDR {Abs}          0xe000c028    0x4  Data  Wk  uart0.o [1]
_A_U0IER {Abs}          0xe000c004    0x4  Data  Wk  uart0.o [1]
_A_U0LCR {Abs}          0xe000c00c    0x4  Data  Wk  uart0.o [1]
_A_U0LSR {Abs}          0xe000c014    0x4  Data  Wk  v_printf.o [1]
_A_USBCLKCFG {Abs}      0xe01fc108    0x4  Data  Wk  core.o [1]
_A_VICINTENABLE {Abs}   0xfffff010    0x4  Data  Wk  compass.o [1]
_A_VICINTENCLEAR {Abs}  0xfffff014    0x4  Data  Wk  compass.o [1]
_A_VICINTSELECT {Abs}   0xfffff00c    0x4  Data  Wk  compass.o [1]
_A_VICIRQSTATUS {Abs}   0xfffff000    0x4  Data  Wk  compass.o [1]
_A_VICPROTECTION {Abs}  0xfffff020    0x4  Data  Wk  compass.o [1]
_A_VICVECTPRIORITY4 {Abs}
                        0xfffff210    0x4  Data  Wk  compass.o [1]
_A_VICVECTPRIORITY6 {Abs}
                        0xfffff218    0x4  Data  Wk  compass.o [1]
_A_VICVECTPRIORITY9 {Abs}
                        0xfffff224    0x4  Data  Wk  compass.o [1]
_A_WDCLKSEL {Abs}       0xe0000010    0x4  Data  Wk  core.o [1]
_A_WDFEED {Abs}         0xe0000008    0x4  Data  Wk  core.o [1]
_A_WDMOD {Abs}          0xe0000000    0x4  Data  Wk  core.o [1]
__aeabi_cfcmple         0x0000c3a0         Code  Gb  FltCmpLe.o [4]
__aeabi_cfrcmple        0x0000c8e8         Code  Gb  FltCmpGe.o [4]
__aeabi_d2f             0x0000c2f0         Code  Gb  DblToFlt.o [4]
__aeabi_errno_addr      0x0000c985    0xc  Code  Gb  errno.o [3]
__aeabi_f2d             0x0000c118         Code  Gb  FltToDbl.o [4]
__aeabi_f2iz            0x0000bbd4         Code  Gb  FltToS32.o [4]
__aeabi_f2uiz           0x0000c918         Code  Gb  FltToU32.o [4]
__aeabi_fadd            0x0000c81c         Code  Gb  FltAdd.o [4]
__aeabi_fdiv            0x0000c3d0         Code  Gb  FltDiv.o [4]
__aeabi_fmul            0x0000c59c         Code  Gb  FltMul.o [4]
__aeabi_fsub            0x0000c6ec         Code  Gb  FltSub.o [4]
__aeabi_i2f             0x0000c0b0         Code  Gb  S32ToFlt.o [4]
__aeabi_idiv            0x0000a7c4         Code  Gb  I32DivMod.o [5]
__aeabi_idiv0           0x0000bc60         Code  Gb  IntDivZer.o [5]
__aeabi_idivmod         0x0000a7c4         Code  Gb  I32DivMod.o [5]
__aeabi_memclr4         0x0000a99c         Code  Gb  ABImemclr4.o [5]
__aeabi_memcpy          0x0000a9a8         Code  Gb  ABImemcpy.o [5]
__aeabi_memcpy4         0x0000a9cc         Code  Gb  ABImemcpy.o [5]
__aeabi_memcpy8         0x0000a9cc         Code  Gb  ABImemcpy.o [5]
__aeabi_memmove         0x0000bd30         Code  Gb  ABImemmove.o [5]
__aeabi_memmove4        0x0000bd30         Code  Gb  ABImemmove.o [5]
__aeabi_memmove8        0x0000bd30         Code  Gb  ABImemmove.o [5]
__aeabi_memset          0x0000bcb0         Code  Gb  ABImemset.o [5]
__aeabi_memset4         0x0000bc64         Code  Gb  ABImemset48.o [5]
__aeabi_memset8         0x0000bc64         Code  Gb  ABImemset48.o [5]
__aeabi_ui2f            0x0000c950         Code  Gb  U32ToFlt.o [4]
__aeabi_uidiv           0x0000a7d4         Code  Gb  I32DivMod.o [5]
__aeabi_uidivmod        0x0000a7d4         Code  Gb  I32DivMod.o [5]
__cmain                 0x0000d2b4         Code  Gb  cmain.o [5]
__exit                  0x0000d2e0         Code  Gb  XXexit.o [5]
__iar_Errno             0x40000b20    0x4  Data  Gb  errno.o [3]
__iar_Memset            0x0000bcb0         Code  Gb  ABImemset.o [5]
__iar_Memset4_word      0x0000bc70         Code  Gb  ABImemset48.o [5]
__iar_Memset8_word      0x0000bc70         Code  Gb  ABImemset48.o [5]
__iar_Memset_word       0x0000bcbc         Code  Gb  ABImemset.o [5]
__iar_Strchr            0x0000c8c4         Code  Gb  strchr.o [5]
__iar_Strstr            0x0000bc2d   0x32  Code  Gb  strstr.o [3]
__iar_SubNrm            0x0000c6bc         Code  Gb  FltMul.o [4]
__iar_SubNrmP           0x0000c6b8         Code  Gb  FltMul.o [4]
__iar_data_init3        0x0000d220   0x54  Code  Gb  data_init3.o [5]
__iar_disable_interrupt
                        0x0000d1fc         Code  Gb  main.o [1]
__iar_edom              0x0000c96c         Code  Gb  iarEdom.o [5]
__iar_enable_interrupt  0x0000d210         Code  Gb  main.o [1]
__iar_fadd              0x0000c828         Code  Gb  FltAdd.o [4]
__iar_fsub              0x0000c6f8         Code  Gb  FltSub.o [4]
__iar_fsubStart         0x0000c708         Code  Gb  FltSub.o [4]
__iar_i2f               0x0000c0c4         Code  Gb  S32ToFlt.o [4]
__iar_packbits_init3    0x0000d089   0xb4  Code  Gb  packbits_init3.o [5]
__iar_program_start     0x00008000         Code  Gb  cstartup.o [1]
__iar_sqrt              0x0000c180         Code  Gb  sqrt.o [4]
__iar_via_R0            0x0000ab1d         Code  Gb  microrl.o [1]
__iar_via_R1            0x000094a5         Code  Gb  tasks.o [1]
__iar_via_R2            0x00009711         Code  Gb  tasks.o [1]
__iar_via_R4            0x00009c8f         Code  Gb  handlers.o [1]
__iar_via_R5            0x0000a579         Code  Gb  handlers.o [1]
__iar_via_R6            0x00009c8d         Code  Gb  tasks.o [1]
__iar_via_R7            0x0000a5f9         Code  Gb  handlers.o [1]
__iar_zero_init3        0x0000d275   0x28  Code  Gb  zero_init3.o [5]
__interrupt_handler_i2c0
                        0x0000bea0  0x19c  Code  Gb  i2c0.o [1]
__interrupt_handler_timer0
                        0x00009538   0x38  Code  Lc  compass.o [1]
__interrupt_handler_uart0
                        0x0000aec0   0xa4  Code  Gb  uart0.o [1]
__vector                0x00000000         Code  Gb  cstartup.o [1]
__vector_0x14           0x00000014         Code  Gb  cstartup.o [1]
_call_main              0x0000d2c4         Code  Gb  cmain.o [5]
_exit                   0x0000d2f8         Code  Gb  cexit.o [5]
_main                   0x0000d2cc         Code  Gb  cmain.o [5]
a                       0x40000af0    0xc  Data  Lc  lis3dh.o [1]
a_data                  0x40000a70   0x34  Data  Lc  lis3dh.o [1]
a_pt                    0x40000aa4    0x4  Data  Lc  lis3dh.o [1]
acc_matrix_pt           0x40000ab4    0x4  Data  Lc  tasks.o [1]
acc_matrix_task         0x0000cca5   0x50  Code  Lc  tasks.o [1]
acc_pit_mod_decision_reco_drift
                        0x0000a165  0x164  Code  Lc  drift.o [1]
acc_pt                  0x40000ab0    0x4  Data  Lc  tasks.o [1]
acc_task                0x0000cc1d   0x82  Code  Lc  tasks.o [1]
acc_x_decision_reco_drift
                        0x00009ca1  0x1ca  Code  Lc  drift.o [1]
acc_y_decision_reco_drift
                        0x00009ef9  0x1d2  Code  Lc  drift.o [1]
add_acc_matrix_samples_in_reco_drift
                        0x0000a3bb   0x6c  Code  Gb  drift.o [1]
add_acc_samples_in_calibr
                        0x0000afdf   0x3c  Code  Gb  calibrating.o [1]
add_acc_samples_in_reco_drift
                        0x0000a377   0x44  Code  Gb  drift.o [1]
add_sample_in_filter    0x0000a66f   0x42  Code  Gb  average.o [1]
buf                     0x40000afc    0xc  Data  Lc  v_printf.o [1]
calibr_pt               0x40000ab8    0x4  Data  Lc  tasks.o [1]
calibr_task             0x0000c9d9  0x17a  Code  Lc  tasks.o [1]
calibrating_state       0x40000aa8    0x2  Data  Lc  tasks.o [1]
clear_wdt               0x000098c0   0x24  Code  Gb  core.o [1]
commit_motion_calibr_data
                        0x0000b139   0x32  Code  Gb  calibrating.o [1]
commit_quiet_calibr_data
                        0x0000b10d   0x2c  Code  Gb  calibrating.o [1]
common_len              0x0000911b   0x34  Code  Lc  microrl.o [1]
compl_word              0x40000338   0xa4  Data  Gb  handlers.o [1]
complet                 0x000089c1   0x56  Code  Gb  handlers.o [1]
disable_acc_matrix_task
                        0x0000cda9    0xc  Code  Gb  tasks.o [1]
disable_acc_task        0x0000cd85    0xc  Code  Gb  tasks.o [1]
disable_calibr_task     0x0000cdd5    0xc  Code  Gb  tasks.o [1]
enable_acc_matrix_task  0x0000cd9d    0xc  Code  Gb  tasks.o [1]
enable_acc_task         0x0000cd79    0xc  Code  Gb  tasks.o [1]
enable_calibr_task      0x0000cdc5   0x10  Code  Gb  tasks.o [1]
enable_default_lis3dh   0x0000ac77   0x1e  Code  Gb  lis3dh.o [1]
enabled_tasks           0x40000ac4    0x4  Data  Lc  tasks.o [1]
enter_cs                0x00009884   0x1c  Code  Gb  core.o [1]
escape_process          0x00008f4f   0xd4  Code  Lc  microrl.o [1]
execute                 0x00008435  0x504  Code  Gb  handlers.o [1]
exit                    0x0000d2d9    0x8  Code  Gb  exit.o [3]
exit_cs                 0x000098a0   0x20  Code  Gb  core.o [1]
fake_serprintf          0x00008abd    0x8  Code  Lc  microrl.o [1]
first_pt                0x40000aac    0x4  Data  Lc  tasks.o [1]
first_task              0x0000c995   0x44  Code  Lc  tasks.o [1]
flag_run_enabled        0x40000ac0    0x4  Data  Lc  tasks.o [1]
g_istate                0x40000b0c    0x4  Data  Lc  core.o [1]
get_acc_lis3dh          0x0000ad05    0x4  Code  Gb  lis3dh.o [1]
get_average             0x0000a6c9   0x30  Code  Gb  average.o [1]
get_from_ring_buff      0x0000adb9   0x20  Code  Gb  ring_buffer.o [1]
get_last_sample         0x0000a6b1   0x18  Code  Gb  average.o [1]
get_led1_state          0x0000ab6b   0x10  Code  Gb  led.o [1]
get_microrl_printf      0x00008ef9    0x8  Code  Gb  microrl.o [1]
get_mod_acc_threshold   0x0000a4f3    0x6  Code  Gb  drift.o [1]
get_mod_drift_filter    0x0000a50b    0x4  Code  Gb  drift.o [1]
get_pit_acc_threshold   0x0000a4cb    0x6  Code  Gb  drift.o [1]
get_pit_average         0x0000a75d   0x48  Code  Gb  average.o [1]
get_pit_drift_filter    0x0000a507    0x4  Code  Gb  drift.o [1]
get_rotation_matrix     0x0000b69d    0x6  Code  Gb  calibrating.o [1]
get_sys_tick            0x00009521    0x6  Code  Gb  compass.o [1]
get_time                0x00009527   0x10  Code  Gb  compass.o [1]
get_trace               0x00009c7b    0x6  Code  Gb  v_printf.o [1]
get_weighted_average    0x0000a6f9   0x64  Code  Gb  average.o [1]
get_x_acc_threshold     0x0000a449    0x6  Code  Gb  drift.o [1]
get_x_drift_filter      0x0000a4f9    0x4  Code  Gb  drift.o [1]
get_y_acc_threshold     0x0000a471    0x6  Code  Gb  drift.o [1]
get_y_drift_filter      0x0000a4fd    0x6  Code  Gb  drift.o [1]
get_z_acc_threshold     0x0000a49f    0x6  Code  Gb  drift.o [1]
get_z_drift_filter      0x0000a503    0x4  Code  Gb  drift.o [1]
handle_acc_samples_in_calibr
                        0x0000b01b   0xf2  Code  Gb  calibrating.o [1]
hist_erase_older        0x00008ac5   0x1a  Code  Lc  microrl.o [1]
hist_is_space_for_new   0x00008adf   0x32  Code  Lc  microrl.o [1]
hist_restore_line       0x00008ba1   0xfa  Code  Lc  microrl.o [1]
hist_save_line          0x00008b11   0x90  Code  Lc  microrl.o [1]
hist_search             0x00008f19   0x36  Code  Lc  microrl.o [1]
inc_head                0x0000ad7d   0x22  Code  Lc  ring_buffer.o [1]
inc_tile                0x0000ad3d   0x40  Code  Lc  ring_buffer.o [1]
init_addr               0x0000ac1b   0x22  Code  Lc  lis3dh.o [1]
init_average_filter     0x0000a5fb   0x20  Code  Gb  average.o [1]
init_calibrating_data   0x0000af7d   0x62  Code  Gb  calibrating.o [1]
init_core               0x0000998d   0x12  Code  Gb  core.o [1]
init_cs                 0x0000abf9   0x22  Code  Lc  lis3dh.o [1]
init_device             0x00009609   0xac  Code  Gb  compass.o [1]
init_gpio               0x00009819   0x4a  Code  Lc  core.o [1]
init_i2c0               0x0000be05   0x66  Code  Gb  i2c0.o [1]
init_interrupt_pins     0x0000abbf   0x3a  Code  Lc  lis3dh.o [1]
init_irq                0x00009571   0x98  Code  Lc  compass.o [1]
init_led                0x0000ab21   0x2e  Code  Gb  led.o [1]
init_lis3dh             0x0000ac59   0x1e  Code  Gb  lis3dh.o [1]
init_mam                0x00009715   0x24  Code  Lc  core.o [1]
init_pll                0x00009739   0xe0  Code  Gb  core.o [1]
init_reco_drift         0x0000a2dd   0x9a  Code  Gb  drift.o [1]
init_ring_buff          0x0000ad9f    0xa  Code  Gb  ring_buffer.o [1]
init_tasks              0x0000cde1   0x18  Code  Gb  tasks.o [1]
init_timer0             0x000098fd   0x52  Code  Gb  core.o [1]
init_uart0              0x0000ae09   0xb8  Code  Gb  uart0.o [1]
init_wdt                0x00009863   0x22  Code  Gb  core.o [1]
is_ring_buff_empty      0x0000add9   0x24  Code  Gb  ring_buffer.o [1]
keyword                 0x400002ec   0x4c  Data  Gb  handlers.o [1]
led1_off                0x0000ab5d    0xe  Code  Gb  led.o [1]
led1_on                 0x0000ab4f    0xe  Code  Gb  led.o [1]
led_pt                  0x40000abc    0x4  Data  Lc  tasks.o [1]
led_task                0x0000ccf5   0x78  Code  Lc  tasks.o [1]
main                    0x0000d14d   0x82  Code  Gb  main.o [1]
matrix_multiply         0x0000b919  0x1ac  Code  Lc  matrix.o [1]
memcpy                  0x0000a7af   0x10  Code  Gb  microrl.o [1]
memmove                 0x0000ab0d   0x10  Code  Gb  microrl.o [1]
memset                  0x0000aaf5   0x18  Code  Gb  microrl.o [1]
microrl_backspace       0x000090cb   0x50  Code  Lc  microrl.o [1]
microrl_get_complite    0x0000914f   0xfa  Code  Lc  microrl.o [1]
microrl_init            0x00008e9b   0x50  Code  Gb  microrl.o [1]
microrl_init_printf     0x00008eeb    0xe  Code  Gb  microrl.o [1]
microrl_insert_char     0x000092d9  0x1a0  Code  Gb  microrl.o [1]
microrl_insert_text     0x00009045   0x86  Code  Lc  microrl.o [1]
microrl_set_complete_callback
                        0x00008f01    0x8  Code  Gb  microrl.o [1]
microrl_set_execute_callback
                        0x00008f09    0x8  Code  Gb  microrl.o [1]
microrl_set_sigint_callback
                        0x00008f11    0x8  Code  Gb  microrl.o [1]
mod_acc_filter          0x40000728   0xd0  Data  Lc  drift.o [1]
mod_acc_stats           0x40000a54    0xc  Data  Lc  drift.o [1]
mod_acc_thr             0x40000a40    0x8  Data  Lc  drift.o [1]
motion_data             0x4000004c    0x8  Data  Lc  calibrating.o [1]
motion_max_d            0x40000054    0x2  Data  Lc  calibrating.o [1]
multiply                0x0000bac5   0xd8  Code  Gb  matrix.o [1]
new_line_handler        0x0000924d   0x8c  Code  Gb  microrl.o [1]
pData                   0x40000b10    0x4  Data  Lc  i2c0.o [1]
pTrace                  0x40000b1c    0x4  Data  Lc  v_printf.o [1]
pit_acc_filter          0x40000658   0xd0  Data  Lc  drift.o [1]
pit_acc_thr             0x40000a38    0x8  Data  Lc  drift.o [1]
pointerMicrorl          0x400003dc    0x4  Data  Gb  microrl.o [1]
pointerRingBuff         0x0000d348    0x4  Data  Gb  ring_buffer.o [1]
print_calibr_results    0x0000b171  0x4f2  Code  Gb  calibrating.o [1]
print_help_cmd          0x0000806d  0x148  Code  Gb  handlers.o [1]
print_prompt            0x00008cef   0x18  Code  Lc  microrl.o [1]
prompt_default          0x400003e0    0x4  Data  Gb  microrl.o [1]
put_in_ring_buff        0x0000ada9   0x10  Code  Gb  ring_buffer.o [1]
quiet_data              0x40000044    0x8  Data  Lc  calibrating.o [1]
r_buff                  0x400009bc   0x68  Data  Lc  ring_buffer.o [1]
read_acc_lis3dh         0x0000ac95   0x70  Code  Gb  lis3dh.o [1]
reset_device            0x000098e4   0x18  Code  Gb  core.o [1]
rl                      0x400007f8  0x1c4  Data  Lc  microrl.o [1]
rotate                  0x0000bb9d   0x34  Code  Gb  matrix.o [1]
rotate_x                0x0000b889   0x8c  Code  Lc  matrix.o [1]
rotate_z                0x0000b735  0x154  Code  Lc  matrix.o [1]
rotation                0x40000058   0x24  Data  Lc  calibrating.o [1]
run_tasks               0x0000cdf9   0x54  Code  Gb  tasks.o [1]
serial_putch            0x00009a18   0x20  Code  Lc  v_printf.o [1]
serprintf               0x00009b20  0x144  Code  Gb  v_printf.o [1]
set_average_type_filter
                        0x0000a649   0x26  Code  Gb  average.o [1]
set_cs_lis3dh           0x0000ac4b    0xe  Code  Gb  lis3dh.o [1]
set_mod_acc_threshold   0x0000a4d1   0x22  Code  Gb  drift.o [1]
set_pit_acc_threshold   0x0000a4a9   0x22  Code  Gb  drift.o [1]
set_sa0_lis3dh          0x0000ac3d    0xe  Code  Gb  lis3dh.o [1]
set_trace_func          0x00009c65   0x16  Code  Gb  v_printf.o [1]
set_wind_size_average_filter
                        0x0000a61b   0x2e  Code  Gb  average.o [1]
set_x_acc_threshold     0x0000a427   0x22  Code  Gb  drift.o [1]
set_y_acc_threshold     0x0000a44f   0x22  Code  Gb  drift.o [1]
set_z_acc_threshold     0x0000a47d   0x22  Code  Gb  drift.o [1]
sigint                  0x00008a1d   0x30  Code  Gb  handlers.o [1]
split                   0x00008c9b   0x54  Code  Lc  microrl.o [1]
split_float_to_comp     0x0000c059   0x54  Code  Gb  float_to_txt.o [1]
sqrt                    0x0000c180         Code  Gb  sqrt.o [4]
sqrtl                   0x0000c180         Code  Gb  sqrt.o [4]
start_i2c0              0x0000be6b   0x34  Code  Gb  i2c0.o [1]
strcat                  0x0000aa7d   0x20  Code  Gb  strcat.o [3]
strchr                  0x0000c8c4         Code  Gb  strchr.o [5]
strcmp                  0x000094ac         Code  Gb  strcmp.o [5]
strlen                  0x0000aaa0         Code  Gb  strlen.o [5]
strstr                  0x0000a7a5    0xa  Code  Gb  handlers.o [1]
sys_tick                0x40000b08    0x4  Data  Lc  compass.o [1]
terminal_backspace      0x00008d09   0x14  Code  Lc  microrl.o [1]
terminal_move_cursor    0x00008d95   0x5c  Code  Lc  microrl.o [1]
terminal_newline        0x00008d25   0x14  Code  Lc  microrl.o [1]
terminal_print_line     0x00008e3f   0x5c  Code  Lc  microrl.o [1]
terminal_reset_cursor   0x00008df1   0x4e  Code  Lc  microrl.o [1]
test_acc_matrix_task    0x0000cd91    0xc  Code  Lc  tasks.o [1]
test_acc_task           0x0000cd6d    0xc  Code  Lc  tasks.o [1]
test_calibr_task        0x0000cdb5    0xc  Code  Lc  tasks.o [1]
txt_to_bin              0x0000a57d   0x6e  Code  Gb  bin_to_bcd.o [1]
u16bit_to_str           0x00008d39   0x5c  Code  Lc  microrl.o [1]
u32_to_uart             0x00009a38   0x74  Code  Lc  v_printf.o [1]
uart_putchar            0x000099c0   0x58  Code  Lc  v_printf.o [1]
uint_to_hex_uart        0x00009aac   0x74  Code  Lc  v_printf.o [1]
write_acc_reg           0x0000ab91   0x2e  Code  Lc  lis3dh.o [1]
x_acc_filter            0x4000007c   0xd0  Data  Lc  calibrating.o [1]
x_acc_filter            0x400003e8   0xd0  Data  Lc  drift.o [1]
x_acc_stats             0x40000a48    0xc  Data  Lc  drift.o [1]
x_acc_thr               0x40000a28    0x8  Data  Lc  drift.o [1]
y_acc_filter            0x4000014c   0xd0  Data  Lc  calibrating.o [1]
y_acc_filter            0x400004b8   0xd0  Data  Lc  drift.o [1]
y_acc_stats             0x40000ae0    0xc  Data  Lc  drift.o [1]
y_acc_thr               0x40000ad8    0x8  Data  Lc  drift.o [1]
z_acc_filter            0x4000021c   0xd0  Data  Lc  calibrating.o [1]
z_acc_filter            0x40000588   0xd0  Data  Lc  drift.o [1]
z_acc_thr               0x40000a30    0x8  Data  Lc  drift.o [1]


[1] = D:\Projects\google_host\drift-sensor\Release\Obj
[2] = command line
[3] = dl4t_tln.a
[4] = m4t_tl.a
[5] = rt4t_al.a

  20 772 bytes of readonly  code memory
     732 bytes of readonly  data memory
   4 640 bytes of readwrite data memory

Errors: none
Warnings: none
