###############################################################################
#                                                                             #
#                                                       08/Oct/2012  01:42:15 #
# IAR ANSI C/C++ Compiler V6.21.2.22939/W32 EVALUATION for ARM                #
# Copyright 1999-2011 IAR Systems AB.                                         #
#                                                                             #
#    Cpu mode     =  thumb                                                    #
#    Endian       =  little                                                   #
#    Source file  =  D:\Projects\google_host\drift-sensor\Led\led.c           #
#    Command line =  D:\Projects\google_host\drift-sensor\Led\led.c -D        #
#                    NDEBUG -lc D:\Projects\google_host\drift-sensor\Release\ #
#                    List\ --diag_suppress Pe550 -o                           #
#                    D:\Projects\google_host\drift-sensor\Release\Obj\        #
#                    --no_unroll --no_inline --no_tbaa --no_scheduling        #
#                    --endian=little --cpu=ARM7TDMI-S -e --fpu=None           #
#                    --dlib_config "C:\Program Files (x86)\IAR                #
#                    Systems\Embedded Workbench 6.0                           #
#                    Evaluation\arm\INC\c\DLib_Config_Normal.h" -I            #
#                    D:\Projects\google_host\drift-sensor\ -I                 #
#                    D:\Projects\google_host\drift-sensor\Config\             #
#                    --interwork --cpu_mode thumb -Om                         #
#    List file    =  D:\Projects\google_host\drift-sensor\Release\List\led.ls #
#                    t                                                        #
#    Object file  =  D:\Projects\google_host\drift-sensor\Release\Obj\led.o   #
#                                                                             #
#                                                                             #
###############################################################################

D:\Projects\google_host\drift-sensor\Led\led.c
      1          /******************************************************************************/
      2          /* led.c                                                                      */
      3          /******************************************************************************/
      4          
      5          
      6          #include "data_types.h"
      7          #include "Core\core.h"
      8          #include "Led\led_def.h"
      9          #include "Led\led.h"
     10          
     11          
     12          
     13          /*
     14           * Init led pins
     15           *
     16           */
     17          void init_led() {
     18          
     19              PINSEL3_bit.P1_17 = 0;         // LED_2 GPIO
     20          
     21              FIO1DIR_bit.P1_17 = 1;         // output
     22          
     23              PINMODE3_bit.P1_17 = 2;        // 0=PULL_UP, 1=RESERVED, 2=PULL_DIS, 3=PULL_DOWN
     24          
     25              led1_off();
     26          }
     27          
     28          
     29          /*
     30           * led1 on
     31           *
     32           */
     33          void led1_on() {
     34              LED_1_ON;
     35          }
     36          
     37          
     38          /*
     39           * led1 off
     40           *
     41           */
     42          void led1_off() {
     43              LED_1_OFF;
     44          }
     45          
     46          
     47          /*
     48           * get led1 state
     49           *
     50           */
     51          uint16_t get_led1_state() {
     52              return LED_1_STATE ? 1 : 0;
     53          }

   Maximum stack usage in bytes:

     Function       .cstack
     --------       -------
     get_led1_state      0
     init_led            8
     led1_off            0
     led1_on             0


   Section sizes:

     Function/Label Bytes
     -------------- -----
     _A_PINSEL3        4
     _A_PINMODE3       4
     _A_FIO1DIR        4
     _A_FIO1PIN        4
     _A_FIO1SET        4
     _A_FIO1CLR        4
     init_led         46
     led1_on          14
     led1_off         14
     get_led1_state   16
     ??DataTable3      4
     ??DataTable3_1    4
     ??DataTable3_2    4
     ??DataTable3_3    4
     ??DataTable3_4    4

 
  24 bytes in section .data
 110 bytes in section .text
 
 110 bytes of CODE memory
   0 bytes of DATA memory (+ 24 bytes shared)

Errors: none
Warnings: none
