###############################################################################
#                                                                             #
#                                                       08/Oct/2012  01:42:16 #
# IAR ANSI C/C++ Compiler V6.21.2.22939/W32 EVALUATION for ARM                #
# Copyright 1999-2011 IAR Systems AB.                                         #
#                                                                             #
#    Cpu mode     =  thumb                                                    #
#    Endian       =  little                                                   #
#    Source file  =  D:\Projects\google_host\drift-sensor\main.c              #
#    Command line =  D:\Projects\google_host\drift-sensor\main.c -D NDEBUG    #
#                    -lc D:\Projects\google_host\drift-sensor\Release\List\   #
#                    --diag_suppress Pe550 -o D:\Projects\google_host\drift-s #
#                    ensor\Release\Obj\ --no_unroll --no_inline --no_tbaa     #
#                    --no_scheduling --endian=little --cpu=ARM7TDMI-S -e      #
#                    --fpu=None --dlib_config "C:\Program Files (x86)\IAR     #
#                    Systems\Embedded Workbench 6.0                           #
#                    Evaluation\arm\INC\c\DLib_Config_Normal.h" -I            #
#                    D:\Projects\google_host\drift-sensor\ -I                 #
#                    D:\Projects\google_host\drift-sensor\Config\             #
#                    --interwork --cpu_mode thumb -Om                         #
#    List file    =  D:\Projects\google_host\drift-sensor\Release\List\main.l #
#                    st                                                       #
#    Object file  =  D:\Projects\google_host\drift-sensor\Release\Obj\main.o  #
#                                                                             #
#                                                                             #
###############################################################################

D:\Projects\google_host\drift-sensor\main.c
      1          /******************************************************************************/
      2          /*  Project "Compass" drift sensor                                            */
      3          /*  Soft: S. Maslyakov, rusoil.9@gmail.com                                    */
      4          /*                                                                            */
      5          /*  Revision:     1.1.0                                                       */
      6          /*  Date:         2012/10/08 01:03:33                                         */
      7          /******************************************************************************/
      8          
      9          #include "data_types.h"
     10          #include "Core\core.h"
     11          #include "Uart\v_printf.h"
     12          #include "Lis3dh\lis3dh.h"
     13          #include "Compass\compass.h"
     14          #include "Ringbuff\ring_buffer.h"
     15          #include "Drift\drift.h"
     16          #include "Microrl\handlers.h"
     17          #include "Microrl\microrl.h"
     18          #include "Tasks\tasks.h"
     19          
     20          
     21          
     22          
     23          
     24          /******************************************************************************/
     25          /*                                                                            */
     26          /*      main                                                                  */
     27          /*                                                                            */
     28          /******************************************************************************/
     29          void main()
     30          {
     31              __disable_interrupt();
     32          
     33              init_core();
     34              init_device();
     35              init_wdt();
     36          
     37              __enable_interrupt();
     38          
     39              serprintf("\n\rSTART_t12_2\n\r");
     40          
     41              microrl_init (pointerMicrorl, &serprintf);
     42              microrl_set_execute_callback (pointerMicrorl, execute);
     43              microrl_set_complete_callback (pointerMicrorl, complet);
     44              microrl_set_sigint_callback (pointerMicrorl, sigint);
     45          
     46              enable_default_lis3dh();
     47              init_tasks();
     48              init_reco_drift();
     49          
     50              microrl_insert_char(pointerMicrorl, '\n');
     51              microrl_insert_char(pointerMicrorl, '\r');
     52          
     53              while (1) {
     54                  if (is_ring_buff_empty(pointerRingBuff) == FALSE_T) {
     55                      microrl_insert_char (pointerMicrorl, get_from_ring_buff(pointerRingBuff));
     56                  }
     57          
     58                  run_tasks();
     59          
     60                  clear_wdt();
     61              }
     62          }
     63          /******************************************************************************/
     64          /*                                                                            */
     65          /*      The End                                                               */
     66          /*                                                                            */
     67          /******************************************************************************/

   Maximum stack usage in bytes:

     Function .cstack
     -------- -------
     main         16


   Section sizes:

     Function/Label                    Bytes
     --------------                    -----
     main                               130
     ??DataTable1                         4
     ??DataTable1_1                       4
     ??DataTable1_2                       4
     ??DataTable1_3                       4
     ??DataTable1_4                       4
     ??DataTable1_5                       4
     ?<Constant "\n\rSTART_t12_2\n\r">   16
      Others                             32

 
 202 bytes in section .text
 
 170 bytes of CODE memory (+ 32 bytes shared)

Errors: none
Warnings: none
